Parsed configuration options
============================

    format: html
    highlight_cache: false
    highlight_code: false
    include_styles: true
    isbn: null
    labels: [array]
        0: chapter
        1: chapter
        2: figure
    margin: [array]
        top: 25mm
        bottom: 25mm
        inner: 30mm
        outter: 20mm
    page_size: A3
    theme: clean
    toc: [array]
        deep: 2
        elements: [array]
            0: appendix
            1: chapter
    two_sided: true
    price: 30
    pages: 250
    option1: Value of option1
    option2: [array]
        suboption1: Value of suboption1
        suboption2: Value of the second suboption
    extends: edition11



