<!doctype html>
<html lang="en">
<head>
    <meta http-equiv="Content-Type" content="text/html; charset=utf-8">
    <meta name="author" content="Javier Eguiluz" />
    <meta name="date" content="02/09/2012"/>
    <meta name="generator" content="easybook 4"/>

    <title>Publishing your first book | easybook test book #1</title>

    <link rel="stylesheet" href="./css/easybook.css" />

</head>

<body class="item chapter">
<div class="container">
<div class="menu">
    <div class="row">
        <h1 class="span9"><a href="./index.html">easybook test book #1</a></h1>
        <p class="span3">
                        <a href="./index.html"><span>&larr;</span> Previous</a>
            
                        <a href="./chapter-1/downloading-easybook.html">Next <span>&rarr;</span></a>
                    </p>
    </div>
</div>

<div class="row">
    <div class="span9">
        <h1 id="publishing-your-first-book"><span>Chapter 1</span> Publishing your first book</h1>
        <p><strong>easybook</strong> is an application that lets you easily publish books in various electronic formats. Originally it was designed to publish technical programming books, but you can use <strong>easyboook</strong> to publish any kind of book, manual or documentation.</p>

<div class="figure" id="figure-1-1">
    <img src="images/placeholder.png" alt="Lorem ipsum dolor sit amet" />

    <p class="caption"><strong>Figure 1.1</strong> Lorem ipsum dolor sit amet</p>
</div>


<p>Before using <strong>easybook</strong> check that you have installed and configured PHP 5.3.2 or higher on your computer. If you do not understand the previous sentence, ask advice from a computer savvy friend and send him the link to this page. You can check your installed PHP version executing the following command on the console:</p>

<div class="code code">
<pre class="code">php -v</pre>
</div>

<p><strong>easybook</strong> is a free and open-source application. This means that you can do anything with it, even profiting from it. Anyway, you must meet the following two conditions:</p>

<ol>
<li>You must always maintain the <code>LICENSE.md</code> file included in the source code. This file explains the license of <strong>easybook</strong> and its original author.</li>
<li>You must publish your work under the very same conditions. This means that other people could use and profit from your derived work.</li>
</ol>

<p>In any case, you are the sole proprietor of the books published with <strong>easybook</strong>, including all the copyright and related rights applicable in your country of residence. You are not obliged to share these works in any way, even if you benefit from them financially.</p>


    </div>

    <div class="span3">
        <div class="item local_toc">
            <h3>Table of contents</h3>

            <ul class="unstyled">
                                                                <li class="level-1">
                        <span>Chapter 1</span>
                        <a href="./chapter-1.html">Publishing your first book</a>
                    </li>
                                    <li class="level-2">
                        <span>1.1</span>
                        <a href="./chapter-1/downloading-easybook.html">Downloading easybook</a>
                    </li>
                                    <li class="level-2">
                        <span>1.2</span>
                        <a href="./chapter-1/creating-the-book.html">Creating the book</a>
                    </li>
                                    <li class="level-2">
                        <span>1.3</span>
                        <a href="./chapter-1/writing-the-book.html">Writing the book</a>
                    </li>
                                    <li class="level-2">
                        <span>1.4</span>
                        <a href="./chapter-1/publishing-the-book.html">Publishing the book</a>
                    </li>
                                    <li class="level-2">
                        <span>1.5</span>
                        <a href="./chapter-1/book-configuration-options.html">Book configuration options</a>
                    </li>
                                        </ul>
        </div>
    </div>
</div>
</div>
</body>
</html>