<!doctype html>
<html lang="en">
<head>
    <meta http-equiv="Content-Type" content="text/html; charset=utf-8">
    <meta name="author" content="Javier Eguiluz" />
    <meta name="date" content="02/09/2012"/>
    <meta name="generator" content="easybook 4"/>

    <title>Publishing your third book | easybook test book #1</title>

    <link rel="stylesheet" href="./css/easybook.css" />

</head>

<body class="item chapter">
<div class="container">
<div class="menu">
    <div class="row">
        <h1 class="span9"><a href="./index.html">easybook test book #1</a></h1>
        <p class="span3">
                        <a href="./chapter-2/themes.html"><span>&larr;</span> Previous</a>
            
                        <a href="./chapter-3/plugins.html">Next <span>&rarr;</span></a>
                    </p>
    </div>
</div>

<div class="row">
    <div class="span9">
        <h1 id="publishing-your-third-book"><span>Chapter 3</span> Publishing your third book</h1>
        <h2 id="creating-your-own-theme">3.1 Creating your own theme</h2>


<p><strong>easybook</strong> themes make your books look beautiful by default. However, your books should define their own styles to fine-tune its appearance. To do this, create a directory called <code>Resources</code> within the directory of the book and inside it, create another directory called <code>Templates</code>.</p>

<p>You can now include your own templates in the <code>Resources/Templates/</code> to apply them to the published book. The name of the template must match the element type (<code>chapter</code>, <code>dedication</code>, <code>author</code>, etc..) and its extension should be <code>.twig</code> because they are always created with the Twig templating language. Consequently, if you want to modify the design of the chapters, you must create a template called <code>chapter.twig</code>.</p>

<p>When you publish a book, <strong>easybook</strong> first looks for the templates in the following directories and in the following order (if none of these templates is found, it will use the default template):</p>

<ol>
<li><code>&lt;book&gt;/Resources/Templates/&lt;edition-name&gt;/template.twig</code>, allows you to modify the design for each edition. The directory inside <code>Templates/</code> must match exacly the name of the edition being published.</li>
<li><code>&lt;book&gt;/Resources/Templates/&lt;edition-type&gt;/template.twig</code>, allows you to modify the design for all the editions of the same type.  permite modificar el aspecto para todas las ediciones del mismo tipo. The directory inside <code>Templates/</code> must be named <code>html</code>, <code>html_chunked</code> or <code>pdf</code>.</li>
<li><code>&lt;book&gt;/Resources/Templates/template.twig</code>, applies the same same design to all editions. The template is located in the <code>Resources/Templates</code> directory without including it in any subdirectory. This option is rarely used because it usually doesn't make sense to apply the same style regardless of whether content is converted into a PDF file or a website.</li>
</ol>

<p>As explained in the previous chapter, the templates have access to a variable named <code>item</code> with all the information about the item that is being decorated and three global variables with information about the book (<code>book</code>), the edition being published (<code>edition</code>) and the entire application (<code>app</code>).</p>

<h3 id="available-templates-per-edition">3.1.1 Available templates per edition</h3>

<p>The following list shows the default templates included in <code>pdf</code> and <code>html</code> type editions (their contents obviously varies from one type to the other):</p>

<ul>
<li><code>acknowledgement.twig</code></li>
<li><code>toc.twig</code></li>
<li><code>appendix.twig</code></li>
<li><code>author.twig</code></li>
<li><code>book.twig</code>, this is the final template that assembles all the book contents.</li>
<li><code>chapter.twig</code></li>
<li><code>cover.twig</code></li>
<li><code>dedication.twig</code></li>
<li><code>edition.twig</code></li>
<li><code>license.twig</code></li>
<li><code>part.twig</code></li>
<li><code>title.twig</code></li>
</ul>

<p>The <code>html_chunked</code> edition type doesn't include a different template for each content type. It onle defines the following three templates:</p>

<ul>
<li><code>index.twig</code>, the template that generates the front page of the website. By default it includes the following contents: <code>cover</code>, <code>toc</code>, <code>edition</code> and <code>license</code>.</li>
<li><code>chunk.twig</code>, generic template applied to all the rest of the content types. This template must only include the contents of the item being decorated. The common features of the website are defined in the <code>layout.twig</code> template.</li>
<li><code>layout.twig</code>, generic template applied to all the content types, including the front page, after decorating them with their own templates. This is the best template to include the common features of the website, such as header, footer and links to CSS and JavaScript files.</li>
</ul>

<h3 id="stylesheets">3.1.2 Stylesheets</h3>

<p>In addition to Twig templates, themes include a custom CSS stylesheet for each edition type. These default styles are applied whenever the <code>include_styles</code> option of the edition is <code>true</code>. If you don't want to apply these styles, delete the option or give it a <code>false</code> value.</p>

<p>However, the most common scenario is to maintain the default <strong>easybook</strong> styles and then apply your custom CSS to include new styles or modify them. To do this, add a file called <code>styles.css</code> within the directory:</p>

<ol>
<li><code>&lt;book&gt;/Resources/Templates/&lt;edition-name&gt;/styles.css</code>, if you want to apply the styles just to one specific edition.</li>
<li><code>&lt;book&gt;/Resources/Templates/&lt;edtion-type&gt;/styles.css</code>, if you want to apply the same styles to all the editions of the same type (<code>html</code>, <code>html_chunked</code> or <code>pdf</code>).</li>
<li><code>&lt;book&gt;/Resources/Templates/styles.css</code>,  if you want to apply the same styles to all the editions of the book.</li>
</ol>


    </div>

    <div class="span3">
        <div class="item local_toc">
            <h3>Table of contents</h3>

            <ul class="unstyled">
                                                                <li class="level-1">
                        <span>Chapter 3</span>
                        <a href="./chapter-3.html">Publishing your third book</a>
                    </li>
                                    <li class="level-2">
                        <span>3.2</span>
                        <a href="./chapter-3/plugins.html">Plugins</a>
                    </li>
                                    <li class="level-2">
                        <span>3.3</span>
                        <a href="./chapter-3/advanced-features.html">Advanced features</a>
                    </li>
                                        </ul>
        </div>
    </div>
</div>
</div>
</body>
</html>