<!doctype html>
<html lang="en">
<head>
    <meta http-equiv="Content-Type" content="text/html; charset=utf-8">
    <meta name="author" content="Javier Eguiluz" />
    <meta name="date" content="02/09/2012"/>
    <meta name="generator" content="easybook 4"/>

    <title>Publishing your second book | easybook test book #1</title>

    <link rel="stylesheet" href="./css/easybook.css" />

</head>

<body class="item chapter">
<div class="container">
<div class="menu">
    <div class="row">
        <h1 class="span9"><a href="./index.html">easybook test book #1</a></h1>
        <p class="span3">
                        <a href="./chapter-1/book-configuration-options.html"><span>&larr;</span> Previous</a>
            
                        <a href="./chapter-2/content-types.html">Next <span>&rarr;</span></a>
                    </p>
    </div>
</div>

<div class="row">
    <div class="span9">
        <h1 id="publishing-your-second-book"><span>Chapter 2</span> Publishing your second book</h1>
        <p>In the previous chapter, you learned how to create a basic book and publish it with <strong>easybook</strong>. However, we didn't mention any of the more advanced features. This chapter explains all the available content types, how to master book editions and how to tweak its appearance using templates.</p>


    </div>

    <div class="span3">
        <div class="item local_toc">
            <h3>Table of contents</h3>

            <ul class="unstyled">
                                                                <li class="level-1">
                        <span>Chapter 2</span>
                        <a href="./chapter-2.html">Publishing your second book</a>
                    </li>
                                    <li class="level-2">
                        <span>2.1</span>
                        <a href="./chapter-2/content-types.html">Content types</a>
                    </li>
                                    <li class="level-2">
                        <span>2.2</span>
                        <a href="./chapter-2/editions.html">Editions</a>
                    </li>
                                    <li class="level-2">
                        <span>2.3</span>
                        <a href="./chapter-2/themes.html">Themes</a>
                    </li>
                                        </ul>
        </div>
    </div>
</div>
</div>
</body>
</html>