<!doctype html>
<html lang="en">
<head>
    <meta http-equiv="Content-Type" content="text/html; charset=utf-8">
    <meta name="author" content="Javier Eguiluz" />
    <meta name="date" content="02/09/2012"/>
    <meta name="generator" content="easybook 4"/>

    <title>  easybook test book #1</title>

    <link rel="stylesheet" href="./css/easybook.css" />

</head>

<body class="index">
<div class="container">
<div class="item cover">
    <h1>easybook test book #1</h1>
    <h2>Javier Eguiluz</h2>
</div>

<div class="item toc">
    <ul class="unstyled">
            <li class="chapter level-1">
            <span>Chapter 1</span>
            <a href="./chapter-1.html">Publishing your first book</a>
        </li>
            <li class=" level-2">
            <span>1.1</span>
            <a href="./chapter-1/downloading-easybook.html">Downloading easybook</a>
        </li>
            <li class=" level-2">
            <span>1.2</span>
            <a href="./chapter-1/creating-the-book.html">Creating the book</a>
        </li>
            <li class=" level-2">
            <span>1.3</span>
            <a href="./chapter-1/writing-the-book.html">Writing the book</a>
        </li>
            <li class=" level-2">
            <span>1.4</span>
            <a href="./chapter-1/publishing-the-book.html">Publishing the book</a>
        </li>
            <li class=" level-2">
            <span>1.5</span>
            <a href="./chapter-1/book-configuration-options.html">Book configuration options</a>
        </li>
            <li class="chapter level-1">
            <span>Chapter 2</span>
            <a href="./chapter-2.html">Publishing your second book</a>
        </li>
            <li class=" level-2">
            <span>2.1</span>
            <a href="./chapter-2/content-types.html">Content types</a>
        </li>
            <li class=" level-2">
            <span>2.2</span>
            <a href="./chapter-2/editions.html">Editions</a>
        </li>
            <li class=" level-2">
            <span>2.3</span>
            <a href="./chapter-2/themes.html">Themes</a>
        </li>
            <li class="chapter level-1">
            <span>Chapter 3</span>
            <a href="./chapter-3.html">Publishing your third book</a>
        </li>
            <li class=" level-2">
            <span>3.2</span>
            <a href="./chapter-3/plugins.html">Plugins</a>
        </li>
            <li class=" level-2">
            <span>3.3</span>
            <a href="./chapter-3/advanced-features.html">Advanced features</a>
        </li>
        </ul>
</div>
</div>
</body>
</html>