<!doctype html>
<html lang="en">
<head>
    <meta http-equiv="Content-type" content="text/html; charset=utf-8">
    <meta name="author" content="Javier Eguiluz" />
    <meta name="date" content="03/27/2013"/>
    <meta name="generator" content="easybook 5"/>

    <title>easybook test book #6</title>

    <link rel="stylesheet" href="./css/easybook.css" />

</head>

<body>

<div class="container">
<div class="row">
    <div class="span12">
    <div class="item cover">
    <h1>easybook test book #6</h1>
    <h2>Javier Eguiluz</h2>
</div>    </div>
    <div class="span9">
        <div class="item chapter">
    <h1 id="first"><span>Chapter 1</span> The first chapter</h1>
    <h2 id="my-lorem-ipsum-dolor-sit-amet">1.1 Lorem ipsum dolor sit amet</h2>

<p>Consectetur adipisicing elit, sed do eiusmod tempor incididunt ut labore
et dolore magna aliqua.</p>

<h3 id="ut-enim-ad-minim-veniam">1.1.1 Ut enim ad minim veniam</h3>

<p>Quis nostrud exercitation ullamco laboris nisi ut aliquip ex
ea <a href="#ut-enim-ad-minim-veniam-3">commodo consequat</a>.</p>

<h2 id="duis-aute-irure-dolor-in-reprehenderit">1.2 Duis aute irure dolor in reprehenderit</h2>

<p>In voluptate velit esse cillum dolore eu fugiat nulla
<a href="#this-internal-link-does-not-exist">pariatur</a>.</p>

</div>
        <div class="item chapter">
    <h1 id="the-second-chapter"><span>Chapter 2</span> The second chapter</h1>
    <p>Lorem ipsum dolor sit amet, consectetur adipisicing elit,
sed do eiusmod tempor incididunt ut labore et dolore magna
<a href="#the-third-chapter">aliqua</a>.</p>

<h2 id="ut-enim-ad-minim-veniam-2">2.1 Ut enim ad minim veniam</h2>

<p>Quis nostrud exercitation ullamco laboris nisi ut aliquip ex
ea commodo <a href="#first">consequat</a>.</p>

<h2 id="duis-aute">2.2 Duis aute irure</h2>

<p>Dolor in reprehenderit in voluptate velit esse cillum dolore eu fugiat
nulla pariatur.</p>

</div>
        <div class="item chapter">
    <h1 id="the-third-chapter"><span>Chapter 3</span> The third chapter</h1>
    <p>Lorem ipsum dolor sit amet, consectetur adipisicing elit,
sed do eiusmod tempor incididunt ut labore et dolore magna aliqua.</p>

<h2 id="ut-enim-ad-minim-veniam-3">3.1 Ut enim ad minim veniam</h2>

<p>Quis nostrud exercitation ullamco laboris nisi ut aliquip ex
ea commodo <a href="#the-second-chapter">consequat</a>.</p>

<h3 id="duis-aute-irure-dolor-in-reprehenderit-2">3.1.1 Duis aute irure dolor in reprehenderit</h3>

<p>In voluptate velit esse cillum dolore eu fugiat nulla <a href="#duis-aute">pariatur</a>.</p>

<h2 id="lorem-ipsum-dolor-sit-amet">3.2 Lorem ipsum dolor sit amet</h2>

<p>Consectetur adipisicing elit, sed do eiusmod tempor incididunt ut labore et
<a href="#my-lorem-ipsum-dolor-sit-amet">dolore magna aliqua</a>.</p>

</div>
    </div>
    <div class="span3">
    <div class="item toc">

<h1>Table of contents</h1>

<ul class="unstyled">
            <li class="chapter level-1">
            <span>Chapter 1</span> <a href="#first">The first chapter</a>
        </li>
            <li class="chapter level-2">
            <span>1.1</span> <a href="#my-lorem-ipsum-dolor-sit-amet">Lorem ipsum dolor sit amet</a>
        </li>
            <li class="chapter level-2">
            <span>1.2</span> <a href="#duis-aute-irure-dolor-in-reprehenderit">Duis aute irure dolor in reprehenderit</a>
        </li>
                <li class="chapter level-1">
            <span>Chapter 2</span> <a href="#the-second-chapter">The second chapter</a>
        </li>
            <li class="chapter level-2">
            <span>2.1</span> <a href="#ut-enim-ad-minim-veniam-2">Ut enim ad minim veniam</a>
        </li>
            <li class="chapter level-2">
            <span>2.2</span> <a href="#duis-aute">Duis aute irure</a>
        </li>
                <li class="chapter level-1">
            <span>Chapter 3</span> <a href="#the-third-chapter">The third chapter</a>
        </li>
            <li class="chapter level-2">
            <span>3.1</span> <a href="#ut-enim-ad-minim-veniam-3">Ut enim ad minim veniam</a>
        </li>
            <li class="chapter level-2">
            <span>3.2</span> <a href="#lorem-ipsum-dolor-sit-amet">Lorem ipsum dolor sit amet</a>
        </li>
    </ul>

</div>    </div>
</div>
</div>

</body>
</html>