Parsed configuration options
============================

    format: html
    highlight_cache: false
    highlight_code: true
    include_styles: true
    isbn: null
    labels: [array]
        0: appendix
        1: chapter
        2: figure
    margin: [array]
        top: 25mm
        bottom: 25mm
        inner: 30mm
        outter: 20mm
    page_size: A3
    theme: clean
    toc: [array]
        deep: 2
        elements: [array]
            0: appendix
            1: chapter
    two_sided: true
    debug: true



