<!doctype html>
<html lang="en">
<head>
    <meta http-equiv="Content-type" content="text/html; charset=utf-8">
    <meta name="author" content="Javier Eguiluz" />
    <meta name="date" content="02/09/2012"/>
    <meta name="generator" content="easybook 4"/>

    <title>easybook test book #5</title>

    <link rel="stylesheet" href="./css/easybook.css" />

</head>

<body>

<div class="container">
<div class="row">
    <div class="span12">
    <div class="item cover">
    <h1>easybook test book #5</h1>
    <h2>Javier Eguiluz</h2>
</div>    </div>
    <div class="span9">
        <div class="item chapter">
    <h1 id="zhongno-qi-yuan"><span>Chapter 1</span> 種の起源</h1>
    <h2 id="jie-shuo">1.1 解説</h2>

<p>ダーウィンは、『種の起源』の中で、evolution ではなく、Descent with modification 
という単語を使っている。これは Evolution という語が進歩や前進を意味しており、ダーウィンは
進化にそのような意味を込めていなかったからである。</p>

<p>彼は自然選択によって、生物は常に環境に適応するように変化し、種が分岐して多様な種が生じると
主張した。そしてこの過程を生存競争、適者生存などのフレーズを用いて説明した。</p>

<p>自然選択とは、「（1）生物がもつ性質は個体間に違いがあり、（2）その一部は親から子に伝えられ
、（3）環境収容力が繁殖力よりも小さいため生まれた子の一部しか生存・繁殖できない。性質の違い
に応じて次世代に子を残す平均的能力に差が生じるので、有利な個体が持つ性質が維持・拡散すると
いうメカニズム」である。</p>

<p>彼は全ての生物は一種あるいはほんの数種の祖先的な生物から分岐して誕生したのだと述べたが、実
際にはタイトルに反して、どのように個々の種が誕生するか（種分化）はほとんど説明しなかった。
生物の地理的分布や性淘汰についてもわずかに言及している。当時は DNA や遺伝の仕組みについて
は知られていなかったので、変異や遺伝の仕組みについてはうまく説明できなかった。また進化を進
歩とは違うものだと認識し、特定の方向性がない偶然の変異による機械論的なものだとした。ダーウ
ィンは進化の概念を多くの観察例や実験による傍証などの実証的成果によって、進化論を仮説の段階
から理論にまで高めたのである。</p>

<p>本書は非専門家向けに読みやすく書かれており、幅広い関心を集めた。当時の生物学の根本をなす宗
教的信念を否定したために、科学的だけでなく、宗教的、哲学的論争も引き起こした。ダーウィンの
貢献以来、中立進化説の確立など進化理論は急速に発展した。しかし自然選択説は適応進化の要因と
して現在も科学的に認められたモデルである。</p>

<p>いっぽう、21世紀になってもアメリカ合衆国では進化論を否定する創造科学やインテリジェント・デ
ザインなどの説が反進化論団体によって主張されている。</p>

<h2 id="shu-zhi-qing-bao">1.2 書誌情報</h2>

<p>本書の完全な題名は『自然選択の方途による、すなわち生存競争において有利なレースの存続するこ
とによる、種の起原』</p>

<p>改版は、第2版（1859年と1860年の2種の記録あり）以降、13年間に渡り加筆・修正を加えて、1872
年の第6版まで継続された。特に、第6版では、「自然選択説にむけられた種々の異論」の章を新たに
追加し、それまでに寄せられた異論について回答を述べている（挿入場所は、第5版の第7章「本能」
の前。したがって、旧7章以降の章は、第6版では1つずつ番号が繰り下がる）。また、第6版では、タ
イトルの先頭の "On" が取り除かれた。なお、第6版についても修正が続けられ、ダーウィンによる
最終的な編集は1876年であったという。版を重ねるにつれて批判に応じて自然選択以外の要因も認め
るようになっていった。</p>

<p>自然選択説につながる記録や考察は、ビーグル号の航海中（1831年-1836年）およびその直後から続
けられていた。本書につながる直接的な源流は、航海から6年後の1842年6月にノート35枚に纏められ
た「スケッチ」（小論文のこと）、および1844年6-7月に231ページに纏めた「エッセー」であった
。これらは、ダーウィン自身で保管しており、執筆当時は公表されていなかった。1856年から、ダー
ウィンは「種の起源」に関する本の執筆を始めたが、1858年にウォレスからの手紙によって、その本
の執筆を中断することになった。その中断された著作の要約版（抄本・アブストラクト）として著さ
れたものが本書『種の起源』である（この経緯については自然選択説の公表を参照のこと）。</p>

</div>
        <div class="item chapter">
    <h1 id="proishozdenie-vidov"><span>Chapter 2</span> Происхождение видов</h1>
    <h2 id="istoria-razrabotki-evolucionnogo-ucenia">2.1 История разработки эволюционного учения</h2>

<p>По крайней мере в поздних изданиях Дарвин отмечал наличие зачатков 
эволюционного учения у античных мыслителей, в частности у Аристотеля. 
Раннехристианские философы («Отцы Церкви») и средневековые философы склонялись 
к аллегорическому трактованию библейского мифа о происхождении мира, 
допускавшем представления об изменчивости природы. Жорж Бюффон уже в 1766 году 
сделал предположение, что схожие животные, такие как лошадь и осёл, или тигр и 
леопард являются видами, объединёнными общим предком.</p>

<h2 id="zarozdenie-evolucionnogo-ucenia">2.2 Зарождение эволюционного учения</h2>

<p>В 1825 году Дарвин поступил на медицинский факультет Университета Эдинбурга. 
Вскоре, на втором году он увлекся естественной историей и бросил медицинские 
занятия, чтобы заняться изучением морских беспозвоночных с Робертом Грантом. 
Последний был сторонником теории перерождения видов Ламарка.</p>

<p>В декабре 1831 года Дарвин отправился в плавание на корабле Бигль в качестве 
натуралиста. К тому времени, он был знаком с трудами Лайеля и во время 
путешествия убеждался в справедливости теории униформизма. Первая высадка на 
острове Сантьягу укрепила его в мысли о том, что униформизм является ключом к 
пониманию истории ландшафта.</p>

</div>
        <div class="item chapter">
    <h1 id="e-katagoge-ton-eidon"><span>Chapter 3</span> Η καταγωγή των ειδών</h1>
    <p>Η Καταγωγή των Ειδών είναι έργο του Άγγλου επιστήμονα, Κάρολου Δαρβίνου, που
εκδόθηκε στις 24 Νοεμβρίου 1859. Είναι επιστημονικό σύγγραμμα που θεωρείται ότι
έθεσε τις βάσεις της εξελικτικής βιολογίας. Το έργο αυτό του Δαρβίνου εισήγαγε
την θεωρία ότι οι πληθυσμοί εξελίσσονται από γενιά σε γενιά με τη διαδικασία της
φυσικής επιλογής. Παρουσίαζε μία σειρά από στοιχεία και αποδείξεις ως
συμπέρασμα παρατηρήσεων, πειραμάτων και επιστημονικών συζητήσεων.</p>

<p>Εκείνη την εποχή, οι θεωρίες «περί Εξέλιξης» υπονοούσαν δημιουργία χωρίς θεϊκή
παρέμβαση, και ο Δαρβίνος απέφυγε τη χρήση των λέξεων «εξέλιξη» και
«εξελίσσομαι». Το βιβλίο έκανε μόνο έναν σύντομο υπαινιγμό στην ιδέα ότι και ο
άνθρωπος μπορούσε να εξελιχθεί με τον ίδιο τρόπο όπως και οι άλλοι οργανισμοί.</p>

<p>Το έργο, παρά τις αρχικές αντιδράσεις, ιδιαίτερα από κύκλους της Εκκλησίας της
Αγγλίας προσέλκυσε το γενικό ενδιαφέρον της κοινής γνώμης εκείνης της εποχής
καθώς είχε γραφτεί σε ύφος που να γίνεται κατανοητό στον απλό αναγνώστη.
Εντός είκοσι ετών από την δημοσίευση η θεωρία της εξέλιξης έγινε γενικά αποδεκτή
στον επιστημονικό κόσμο, όμως με την πάροδο του χρόνου κυριάρχησαν διάφορα
μοντέλα αυτής της επιστημονικής προσέγγισης, βασισμένη στις απόψεις του
Δαρβίνου.</p>

<h2 id="ypobathro">3.1 Υπόβαθρο</h2>

<p>Μέχρι το 17ο/18ο αιώνα, οπότε έγινε κοινό κτήμα το έργο των παλαιοντολόγων
και γεωλόγων, η έννοια της σταθερότητας των ειδών αποτελούσε επαρκή θεώρηση
σχετικά με το σύνολο της οργανικής ζωής της Γης. Άλλωστε, η ομοιότητα μεταξύ
καταγραφών διαφορετικών βιολογικών ειδών, από την αρχαιότητα μέχρι εκείνη την
εποχή, φαινόταν να ενισχύει την άποψη πως τα είδη δεν είχαν εξελιχθεί για
χιλιάδες χρόνια. Συγχρόνως, εναλλακτικές θεωρίες που αμφισβητούν τη
στατικότητα των ειδών μπορούν να εντοπιστούν ήδη από την αρχαιότητα.</p>

<p>Σε ένα σύντομο ιστορικό σχεδίασμα των απόψεων περί της καταγωγής των ειδών,
σε μεταγενέστερες εκδόσεις της Καταγωγής των Ειδών, ο Δαρβίνος αναγνώρισε ίχνη
εξελικτικών ιδεών στο έργο Περί Φυσικής Ακροάσεως του Αριστοτέλη.</p>

<p>Ο Αναξίμανδρος (π. 610-546 ΠΚΕ) και ο Εμπεδοκλής (π. 492-432 ΠΚΕ) ισχυρίστηκαν
επίσης πως τα ζώα μεταλλάσσονταν και αφανίζονταν, ωστόσο μέχρι το 17ο
αιώνα, η εξαφάνιση ορισμένων ειδών θεωρούνταν αποτέλεσμα κάποιας φυσικής
καταστροφής, όπως για παράδειγμα του κατακλυσμού που περιγράφεται στο βιβλίο
της Γένεσης. Τέτοιου είδους προσεγγίσεις προσέκρουσαν σύντομα σε παρατηρησιακά
δεδομένα, όπως το γεγονός πως ορισμένα είδη ευδοκιμούσαν σε συγκεκριμένες
περιοχές.</p>

<p>Πριν τη δημοσίευση του έργου τού Δαρβίνου, τα ερωτήματα περί της καταγωγής
των ειδών έβρισκαν εξηγήσεις στα πλαίσια της φυσικής θεολογίας που είχε αρχίσει
να διαμορφώνεται από φιλοσόφους και θεολόγους του 17ου αιώνα. Σύμφωνα με
αυτή, η φύση αποτελούσε πηγή γνώσης για το Θεό, ο οποίος αποκαλυπτόταν μέσα
από την ομορφιά και την οργάνωση του φυσικού κόσμου. Ενδεικτικό είναι το έργο
του βρετανού θεολόγου Γουίλιαμ Πέϊλι (1743-1805), όπως καταγράφεται αναλυτικά
στις πραγματείες A View of the Evidences of Christianity (1794) και Natural
Theology: or, Evidences of the Existence and Attributes of the Deity, Collected
from the Appearances of Nature (1802). Κατά τον Πέϊλι, και τις αποδεκτές
αντιλήψεις της εποχής, ο κόσμος είχε ηλικία μερικών χιλιάδων ετών και είχε
υποστεί τουλάχιστον μία μεγάλη φυσική καταστροφή στην ιστορία του, γεγονός
που εξηγούσε την ύπαρξη απολιθωμάτων που ανήκαν σε εξαφανισμένα είδη.
Η πολυπλοκότητα και ευταξία του φυσικού κόσμου μπορούσε να εξηγηθεί μόνο ως
έργο ενός Θεού δημιουργού και λίγα περιθώρια αφήνονταν για αλλαγές στη φύση.</p>

</div>
        <div class="item chapter">
    <h1 id="o-powstawaniu-gatunkow"><span>Chapter 4</span> O powstawaniu gatunków</h1>
    <p>O powstawaniu gatunków (On the Origin of Species) – praca naukowa Karola 
Darwina opublikowana w 1859. Darwin zawarł w niej podstawy swojej teorii 
ewolucji, przez co książka ta stała się jedną z najważniejszych prac w 
historii nauk przyrodniczych w ogólności.</p>

<p>Pełny tytuł dzieła brzmiał O powstawaniu gatunków drogą naturalnego doboru 
czyli o utrzymywaniu się doskonalszych ras w walce o byt (On the Origin of 
Species by Means of Natural Selection, or the Preservation of Favoured Races 
in the Struggle for Life), jednak w 6. wydaniu z 1872 roku tytuł skrócono do 
The Origin of Species.</p>

<p>W O powstawaniu gatunków Darwin wysunął teorię o ewolucji gatunków w procesie 
naturalnej selekcji. Książka gromadziła zebrane przez niego na przestrzeni 
lat, głównie podczas jego podróży statkiem Beagle w latach 30. XIX wieku, 
dowody na istnienie doboru naturalnego.</p>

<p>Język książki jest jasny i przejrzysty nawet dla niespecjalistów, co 
przyczyniło się do dużego zainteresowania dziełem po jego wydaniu. Praca 
wzbudziła również kontrowersje, jako że przeciwstawiała się ówczesnym teoriom 
przyrodniczym, próbującym godzić wiedzę biologiczną z Biblią. Wzbudziła przez 
to ożywioną debatę w środowisku biologów, filozofów i ludzi Kościoła. Sama 
teoria ewolucji z pewnymi zmianami stała się powszechnie akceptowana w 
środowisku naukowym, jednak kontrowersje z nią związane trwają do dziś.</p>

<h2 id="tlo">4.1 Tło</h2>

<p>Idea biologicznej ewolucji narodziła się na wiele lat przed publikacją O 
powstawaniu gatunków przez Darwina i była przedstawiana już w czasach 
starożytnych przez greckich i rzymskich atomistów, przede wszystkim Lukrecjusza
. Jednak myśl chrześcijańska w średniowiecznej Europie upowszechniła pogląd o 
powstaniu gatunków na drodze boskiej kreacji, tak jak to przedstawiono w 
Księdze Rodzaju. Protestantyzm upowszechnił Biblię i przyniósł bardziej 
dosłowne interpretacje jej zawartości. Przyrodnicy, od Linneusza począwszy, 
opisywali nowe gatunki, które uważali za dzieła Boga, a popularnym poglądem 
było pochodzenie każdego gatunku od pary stworzonej bezpośrednio przez Stwórcę 
w nie tak bardzo odległej przeszłości. W początkach XIX wieku powszechnie 
przyjęte było w świecie europejskiej nauki, że zarówno świat przyrody, jak i 
hierarchiczna struktura społeczna są ustalonym przez Boga porządkiem.</p>

<p>Pomysł, że skamieniałości są pozostałościami wymarłych gatunków, został po raz 
pierwszy wysunięty przez Roberta Hooke'a w połowie XVII wieku. Teoria 
stopniowo zyskała akceptację, co doprowadziło do szeregu teorii geologicznych 
tłumaczących wymarcie tych gatunków. Teoria Jamesa Huttona z 1785 przewidywała 
stopniowe zmiany na przestrzeni tysiącleci. Inni proponowali rozwiązania 
zawierające pewne elementy teorii ewolucji. W 1796 pradziadek Karola Darwina, 
Erasmus Darwin, na którego myśl wpłynął m.in. Lord Monboddo, zaproponował 
wspólne pochodzenie organizmów "nabywających nowe części" w odpowiedzi na 
bodźce i następnie przekazujących je swojemu potomstwu. W 1809 Jean-Baptiste 
Lamarck przedstawił zbliżoną teorię, w myśl której "potrzebne" cechy były 
rozwijane przez ich używanie. W tym czasie termin ewolucji (z łacińskiego 
"evolutio", co oznacza "rozwijać się jak zwój") było używane w odniesieniu do 
sekwencji wydarzeń, zwłaszcza gdy wynik był w pewien sposób zawarty w tym 
wydarzeniu od początku, zatem Lamarck nie zastosował tego określenia wobec 
procesu, w myśl którego organizm rozwijał pewną cechę w ciągu swojego życia, i 
wprowadził określenie "transmutacji".</p>

<p>Teorie te odbierane były w Wielkiej Brytanii jako atak na porządek społeczny, 
dopiero co zagrożony przez następstwa rewolucji francuskiej i amerykańskiej. W 
Anglii historia naturalna była domeną uczelni kształcących kler Kościoła 
anglikańskiego, na podstawie teologii naturalnej Williama Paleya. Brytyjscy 
naturaliści przyjęli wyjaśnienie zapisu kopalnego podane przez teorię 
katastrofizmu Georges'a Cuviera, w myśl której organizmy roślinne i zwierzęce 
były w odstępach czasu unicestwiane, a części ich ciał były zużywane przez 
kreację nowych organizmów ex nihilo (z niczego), modyfikując ją odpowiednio by 
nawiązać do biblijnej opowieści o potopie. Idee Lamarcka zostały przejęte 
przez radykałów, których zamierzeniem był przewrót władzy i rozszerzenie prawa 
głosu na klasy niższe.</p>

</div>
        <div class="item chapter">
    <h1 id="turlerin-kokeni"><span>Chapter 5</span> Türlerin Kökeni</h1>
    <p>Türlerin Kökeni, İngiliz doğa tarihçisi Charles Darwin'in 24 Kasım 1859'da 
yayınlanan kitabı. Orijinal adı, “Doğal Seçilim Yoluyla Türlerin Kökeni ya da 
Hayat Kavgasında Avantajlı Irkların Korunumu Üzerine" idi ve 1872'de "Türlerin 
Kökeni" olarak değiştirildi. Bilim tarihinin en önemli çalışmalarından biridir.</p>

<p>Çalışma, Darwin'in HMS Beagle gemisi ile 1831-1836 yılları arasında yaptığı 
araştırma gezisi sonrasında, özellikle Galapagos adalarındaki gözlemlerine 
dayandırarak oluşturduğu biyolojik evrim kuramı üzerinedir.</p>

<p>Türlerin Kökeni Türkçe'ye ilk kez, yayımlanmasından 111 yıl sonra, 1970 
yılında, Öner Ünalan tarafından çevirilmiş ve Onur Yayınları tarafından 
basılmıştır.</p>

<p>Charles Darwin’in eseri Marx ve Engels'in de yoğun ilgisini çekmiştir. 
Darwin’in eseri yayınlanır yayınlanmaz Engels, Marks’a yazdığı mektupta şöyle 
demiştir : "Şu anda kitabını okumakta olduğum Darwin , tek kelimeyle muhteşem".
Marks da kitabı "Bizim görüşlerimizin doğal tarih temelini içeren kitap işte
budur." şeklinde nitelemiştir.</p>

<p>Darwin hakkındaki en önemli yanılgı ve önyargı, Darwin'in insan kökenini 
maymunlara dayandırdığına dair iddialardır. Tam aksine Darwin bu konuda 
uyarıda bulunmaktadır. İnsan, maymunlarla aynı türden gelmektedir ama 
maymunların evrimi sonucu ortaya çıkmamıştır. Ortak atadan bir ayrılma söz 
konusudur.</p>

<h2 id="kuramin-dogusu">5.1 Kuramın doğuşu</h2>

<p>Darwin, incelemelerinden türlerin sabit olmadığını, uzun süreli de olsa çevre 
koşullarına göre değiştiğini öğrenmişti. Ancak bu süreci tetikleyenin ne 
olduğu konusunu henüz açıklayamamıştı. İngiltere’ye döndükten sonra üzerinde 
çalıştığı ve görüşlerine değer verdiği doğa bilimcilerle tartıştığı konu 
esasta buydu.</p>

<p>Darwin evrim teorisini kurarken, ona ışık tutan ve onu etkileyen Malthus’un 
"Nüfus Üzerine Deneme" adlı kitabındaki: "Bütün canlılar bir varolma ya da yok 
olma savaşı içindedir , savaşların nedeni nüfus artışıdır , çünkü beslenme 
kaynakları sınırlıdır ve bunlara sahip olmak için insanlar zorunlu olarak 
savaş yürütmek zorunda kalmaktadırlar ve bu savaşta güçlüler zayıfları ezer 
geçer" şeklindeki tezleri oldu.
Malthus’un tezindeki varolma savaşıyla kendi gözlemleri arasında bağ kuran 
Darwin, evrim teorisininin itici gücünün ne olduğuna yanıt veriyor ve bunu 
doğal seçilim ve çevreye uyum olarak tanımlıyordu.</p>

<p>Darwin, bir doğa bilimcisi olarak gözlemlerinden sonuçlar çıkarmaya 
başladığından beri dinden ve kiliseden kopmuş olan Charles Darwin bu son adımı 
atmaktan ve teorisini dünyaya açmaktan düpedüz çekiniyordu. Notlarını üzerine 
"ölümümden sonra açılacak" diye yazarak paketlemişti. Bu paket ve eklediği 
yeni notları neredeyse yirmi yıl Charles Darwin’in evinin merdiven altındaki 
süpürgeliğinde, sandıkta durmuştur.</p>

</div>
        <div class="item chapter">
    <h1 id="pohodzenna-vidiv"><span>Chapter 6</span> Походження видів</h1>
    <p>Похо́дження ви́дів шляхо́м приро́дного добо́ру або збере́ження о́браних рас у 
боротьбі́ за життя́» (англ. On the Origin of Species by Means of Natural 
Selection, or the Preservation of Favoured Races in the Struggle for Life) — 
праця англійського природознавця Чарльза Дарвіна, опублікована 24 листопада 
1859 року, що є одним з найзнаменитіших творів в історії науки й 
основоположним у сфері еволюційного вчення.</p>

<p>У цій науковій праці Дарвін наводить довгий ланцюжок аргументів (one long 
argument) для підтвердження своєї теорії. Згідно з нею, групи організмів (
називані сьогодні популяціями) поступово розвиваються завдяки природному 
відбору. Саме в цій праці природний відбір був вперше представлений широкій 
громадськості. Згодом сукупність принципів, викладених Дарвіном, почали 
називати дарвінізмом. Зокрема, Дарвін продемонстрував докладні наукові докази, 
зібрані під час його подорожі в Південну Америку, на Галапагоські острови і в 
Австралію на борту корабля Бігль, що тривала з 1831 по 1836 рік. Одночасно він 
спростовував теорію «створених видів» (created kinds), на якій ґрунтувалася 
вся біологія його епохи.</p>

<p>Книга була зрозумілою і пересічному читачеві й уже при першій публікації 
викликала великий інтерес. Перший тираж накладом 1250 екземплярів був 
розкуплений в перший день. Представлені в ній положення досі залишаються 
основою наукової теорії еволюції. Опонентами Дарвіна перш за все є прихильники 
креаціонізму.</p>

<h2 id="posilanna">6.1 Посилання</h2>

<p>Текст праці «Походження видів...»</p>

</div>
        <div class="item chapter">
    <h1 id="o-puvodu-druhu"><span>Chapter 7</span> O původu druhů</h1>
    <p>O původu druhů či O vzniku druhů (plný anglický titul On the Origin of Species 
by Means of Natural Selection, or the Preservation of Favoured Races in the 
Struggle for Life, česky O vzniku druhů přírodním výběrem, neboli uchováním 
prospěšných plemen v boji o život) je kniha, v níž britský přírodovědec 
Charles Darwin 24. listopadu 1859 poprvé uveřejnil svou evoluční teorii, 
založenou na přírodním výběru, tedy přežití a množení jedinců lépe 
přizpůsobených podmínkám, ve kterých žijí. Předložil množství důkazů, že 
rozmanitost života vznikla rozrůzňováním druhů ze společných předků. Darwinova 
kniha vyvolala rozsáhlou diskuzi, nejen přírodovědnou, ale i filosofickou a 
teologickou. Přestože teorie v ní vyložené byly později mnohokrát 
modifikovány, doplňovány a upřesňovány, jejich základní myšlenka se dodnes 
považuje za vědecké východisko pro pochopení vývoje druhového bohatství na 
naší planetě.</p>

<p>Nové biologické objevy byly vysvětlovány rozličnými evolučními teoriemi už 
před Darwinem. Ideje o přeměně druhů vedly ke sporům s věřícími zastávajícími 
názor, že druhy jsou neměnnou součástí předem dané hierarchie a člověk je 
jedinečný, nikoliv příbuzný se zvířaty. Během první poloviny 19. století 
trvalo úzké sepětí anglického přírodovědného establishmentu s anglikánskou 
církví, věda byla totiž součástí přirozené teologie. A tak přestože politické 
a teologické důsledky evolučních teorií byly intenzivně diskutovány a podpora 
těchto myšlenek mezi opozičními biology i veřejností postupně rostla, 
nezískala myšlenka o možnosti změny druhu v jiný podporu hlavního proudu vědců.</p>

<h2 id="okolnosti">7.1 Okolnosti</h2>

<p>Vývoj před Darwinovou teorií</p>

<p>V pozdějších vydáních knihy sledoval Darwin evoluční myšlenky až do doby před 
Aristotelem. Text, který cituje, je Aristotelův souhrn myšlenek staršího 
řeckého filosofa Empedokla. Dávní Církevní Otcové a středověcí evropští učenci 
interpretovali příběh o stvoření světa spíše alegoricky než historicky 
literárně. Organismy byly popsány svým mytologickým a heraldickým významem, 
jakož i fyzickým vzezřením. Lidé věřili, že příroda je nestabilní a vrtošivá a 
ze spojení dvou druhů se rodí monstra. Přijata byla také teorie spontánního 
vzniku, tedy vzniku živé hmoty z neživé.</p>

<p>Cuvierova ilustrace dolní čelisti a) mamuta, b) slona indického, využitá při 
důkazu existence vyhynutí.
Reformace inspirovala doslovný výklad Bible, jehož představy stvoření byly v 
rozporu s objevy perspektivní vědy. Ta totiž usilovala o vysvětlení souhlasná 
s mechanickou filosofií Reného Descarta a empirismem Baconovy metody. Po vřavě 
Anglické občanské války chtěla Královská společnost ukázat, že věda neohrožuje 
náboženskou ani politickou stabilitu. John Ray rozvinul vlivnou přirozenou 
teologii racionálního řádu. Podle jeho systematiky jsou druhy neměnné a pevné, 
jejich adaptace a složitost byla vytvořena Bohem a poddruhy vykazují malé 
rozdíly způsobené místními podmínkami. V Božím dobročinném sestavení 
masožravci působí rychlou smrt, utrpení způsobené parasitismem byl však 
záhadný problém. I biologická klasifikace zavedená Carlem Linné v roce 1735 
zobrazovala druhy jako souladné s Božím plánem. Roku 1766 navrhl Georges 
Buffon možnost, že některé podobné druhy, jako třeba koně a oslové nebo tygři, 
lvi a leopardi, mohou pocházet ze společného předchůdce. Ussherova chronologie 
z 50. let 17. století odhadovala vznik na rok 4004 př. n. l., ale od 80. let 
téhož století geologové předpokládali svět mnohem starší. Werneriáni 
uvažovali, že podloží jsou usazeniny vzniklé ústupem oceánu, avšak James 
Hutton předložil sebeudržující nekonečný cyklus, předpovídaje tak 
uniformitarianismus.</p>

</div>
        <div class="item chapter">
    <h1 id="carlzas-robertas-darvinas"><span>Chapter 8</span> Čarlzas Robertas Darvinas</h1>
    <p>Čarlzas Robertas Darvinas anglų gamtininkas ir keliautojas, sukūręs evoliucinę 
gyvųjų organizmų natūralios atrankos teoriją (darvinizmas).</p>

<h2 id="biografija">8.1 Biografija</h2>

<p>Č. Darvinas gimė 1809 m. vasario 12 d. Šrusberyje, Anglijoje. Baigęs mokyklą, 
studijavo mediciną Edinburgo universitete, tačiau studijas praėjus dvejiems 
metams metė. 1827 m. įstojo į Kembridžo universitetą, kuriame trejus metus 
studijavo teologiją.</p>

<p>1831 m. po universiteto baigimo Č. Darvinas išvyko į kelionę aplink pasaulį 
Anglijos ekspediciniu kariniu laivu „Beagle“ kaip gamtininkas. Kelionės metu Č.
Darvinas pabuvojo Tenerifės saloje, Žaliojo kyšulio salose, Brazilijos 
pakrantėje, Аrgentinoje, Urugvajuje, Ugnies Žemėje, Tasmanijoje ir Kokoso 
salose, atliko daugybę stebėjimų.</p>

<p>Plaukiodamas Č. Darvinas sirgo jūros liga. 1833 m. Argentinoje jis susirgo 
karštine, o 1834 m. liepą grįždamas iš Andų į Valparaisą vėl susirgo ir mėnesį 
teko gulėti lovoje. Nuo 1837 m. Darvinas nuolat skundėsi pilvo skausmais, 
vėmimu, drebuliu ir kt. simptomais. Pagal naujausias prielaidas Pietų 
Amerikoje jis nuo vabzdžių įkandimų užsikrėtė Čagaso liga, kuri ir buvo 
vėlesnių sveikatos sutrikimų priežastimi.</p>

<p>Č. Darvinas išspausdino savo darbą 'On the Origin of Species by Means of 
Natural Selection, or the Preservation of Favoured Races in the Struggle for 
Life', kur parodė augalų ir gyvūnų rūšių kaitą ir jų kilmę iš ankstesnių rūšių.</p>

</div>
    </div>
    <div class="span3">
    <div class="item toc">

<h1>Table of contents</h1>

<ul class="unstyled">
            <li class="chapter level-1">
            <span>Chapter 1</span> <a href="#zhongno-qi-yuan">種の起源</a>
        </li>
            <li class="chapter level-2">
            <span>1.1</span> <a href="#jie-shuo">解説</a>
        </li>
            <li class="chapter level-2">
            <span>1.2</span> <a href="#shu-zhi-qing-bao">書誌情報</a>
        </li>
                <li class="chapter level-1">
            <span>Chapter 2</span> <a href="#proishozdenie-vidov">Происхождение видов</a>
        </li>
            <li class="chapter level-2">
            <span>2.1</span> <a href="#istoria-razrabotki-evolucionnogo-ucenia">История разработки эволюционного учения</a>
        </li>
            <li class="chapter level-2">
            <span>2.2</span> <a href="#zarozdenie-evolucionnogo-ucenia">Зарождение эволюционного учения</a>
        </li>
                <li class="chapter level-1">
            <span>Chapter 3</span> <a href="#e-katagoge-ton-eidon">Η καταγωγή των ειδών</a>
        </li>
            <li class="chapter level-2">
            <span>3.1</span> <a href="#ypobathro">Υπόβαθρο</a>
        </li>
                <li class="chapter level-1">
            <span>Chapter 4</span> <a href="#o-powstawaniu-gatunkow">O powstawaniu gatunków</a>
        </li>
            <li class="chapter level-2">
            <span>4.1</span> <a href="#tlo">Tło</a>
        </li>
                <li class="chapter level-1">
            <span>Chapter 5</span> <a href="#turlerin-kokeni">Türlerin Kökeni</a>
        </li>
            <li class="chapter level-2">
            <span>5.1</span> <a href="#kuramin-dogusu">Kuramın doğuşu</a>
        </li>
                <li class="chapter level-1">
            <span>Chapter 6</span> <a href="#pohodzenna-vidiv">Походження видів</a>
        </li>
            <li class="chapter level-2">
            <span>6.1</span> <a href="#posilanna">Посилання</a>
        </li>
                <li class="chapter level-1">
            <span>Chapter 7</span> <a href="#o-puvodu-druhu">O původu druhů</a>
        </li>
            <li class="chapter level-2">
            <span>7.1</span> <a href="#okolnosti">Okolnosti</a>
        </li>
                <li class="chapter level-1">
            <span>Chapter 8</span> <a href="#carlzas-robertas-darvinas">Čarlzas Robertas Darvinas</a>
        </li>
            <li class="chapter level-2">
            <span>8.1</span> <a href="#biografija">Biografija</a>
        </li>
    </ul>

</div>    </div>
</div>
</div>

</body>
</html>