<p>These should all get escaped:</p>

<p>Backslash: &#92;</p>

<p>Backtick: &#96;</p>

<p>Asterisk: &#42;</p>

<p>Underscore: &#95;</p>

<p>Left brace: &#123;</p>

<p>Right brace: &#125;</p>

<p>Left bracket: &#91;</p>

<p>Right bracket: &#93;</p>

<p>Left paren: &#40;</p>

<p>Right paren: &#41;</p>

<p>Greater-than: &#62;</p>

<p>Hash: &#35;</p>

<p>Period: &#46;</p>

<p>Bang: &#33;</p>

<p>Plus: &#43;</p>

<p>Minus: &#45;</p>

<p>These should not, because they occur within a code block:</p>

<pre><code>Backslash: \\

Backtick: \`

Asterisk: \*

Underscore: \_

Left brace: \{

Right brace: \}

Left bracket: \[

Right bracket: \]

Left paren: \(

Right paren: \)

Greater-than: \&gt;

Hash: \#

Period: \.

Bang: \!

Plus: \+

Minus: \-
</code></pre>

<p>Nor should these, which occur in code spans:</p>

<p>Backslash: <code>\\</code></p>

<p>Backtick: <code>\`</code></p>

<p>Asterisk: <code>\*</code></p>

<p>Underscore: <code>\_</code></p>

<p>Left brace: <code>\{</code></p>

<p>Right brace: <code>\}</code></p>

<p>Left bracket: <code>\[</code></p>

<p>Right bracket: <code>\]</code></p>

<p>Left paren: <code>\(</code></p>

<p>Right paren: <code>\)</code></p>

<p>Greater-than: <code>\&gt;</code></p>

<p>Hash: <code>\#</code></p>

<p>Period: <code>\.</code></p>

<p>Bang: <code>\!</code></p>

<p>Plus: <code>\+</code></p>

<p>Minus: <code>\-</code></p>

<p>These should get escaped, even though they're matching pairs for
other Markdown constructs:</p>

<p>&#42;asterisks&#42;</p>

<p>&#95;underscores&#95;</p>

<p>&#96;backticks&#96;</p>

<p>This is a code span with a literal backslash-backtick sequence: <code>\`</code></p>

<p>This is a tag with unescaped backticks <span attr='`ticks`'>bar</span>.</p>

<p>This is a tag with backslashes <span attr='\\backslashes\\'>bar</span>.</p>
