<!doctype html>
<html lang="en">
<head>
    <meta http-equiv="Content-Type" content="text/html; charset=utf-8">
    <meta name="author" content="Javier Eguiluz" />
    <meta name="date" content="02/09/2012"/>
    <meta name="generator" content="easybook 4"/>

    <title>  easybook test book #2</title>

    <link rel="stylesheet" href="./css/easybook.css" />

</head>

<body class="index">
<div class="container">
<div class="item cover">
    <h1>easybook test book #2</h1>
    <h2>Javier Eguiluz</h2>
</div>

<div class="item toc">
    <ul class="unstyled">
            <li class="chapter level-1">
            <span>Chapter 1</span>
            <a href="./chapter-1.html">Publishing your first book</a>
        </li>
            <li class="chapter level-1">
            <span>Chapter 2</span>
            <a href="./chapter-2.html">Publishing your second book</a>
        </li>
            <li class="chapter level-1">
            <span>Chapter 3</span>
            <a href="./chapter-3.html">Publishing your third book</a>
        </li>
        </ul>
</div>
</div>
</body>
</html>