<p><a href="HTTP://WWW.SOMEURL.COM">HTTP://WWW.SOMEURL.COM</a></p>

<p><a href="&#x6d;&#x61;&#x69;&#x6c;&#x74;&#x6f;&#x3a;&#x68;&#x72;&#x40;&#x63;&#x6f;&#x6d;&#x70;&#97;&#110;&#121;&#46;&#99;&#111;&#109;">&#x68;&#x72;&#x40;&#x63;&#x6f;&#x6d;&#x70;&#97;&#110;&#121;&#46;&#99;&#111;&#109;</a></p>
