<p>Tricky combinaisons:</p><p>backslash with &#92;-- two dashes</p><p>backslash with &#92;> greater than</p><p>&#92;&#91;test](not a link)</p><p>&#92;&#42;no emphasis*</p>