<p><a href="&#109;&#97;&#x69;&#x6c;&#116;&#111;&#x3a;&#x6d;i&#99;&#104;&#x65;&#x6c;&#46;&#102;&#x6f;&#x72;&#116;&#105;&#x6e;&#x40;m&#105;&#99;&#x68;&#x65;&#108;&#102;&#x2e;&#x63;&#111;&#109;">&#x6d;i&#99;&#104;&#x65;&#x6c;&#46;&#102;&#x6f;&#x72;&#116;&#105;&#x6e;&#x40;m&#105;&#99;&#x68;&#x65;&#108;&#102;&#x2e;&#x63;&#111;&#109;</a></p>

<p>International domain names: <a href="&#x6d;&#97;&#105;&#x6c;&#x74;&#111;&#58;&#x68;&#x65;&#108;&#112;&#x40;&#x74;ū&#x64;&#x61;&#108;&#105;ņ&#46;&#108;&#x76;">&#x68;&#x65;&#108;&#112;&#x40;&#x74;ū&#x64;&#x61;&#108;&#105;ņ&#46;&#108;&#x76;</a></p>

<h2>Some weird valid email addresses</h2>

<p><a href="&#x6d;&#x61;&#x69;&#x6c;&#x74;&#x6f;&#x3a;&#x61;&#x62;&#x63;&#x2e;&#x31;&#x32;&#x33;&#64;&#101;&#120;&#97;&#109;&#112;&#108;&#101;&#46;&#99;&#111;&#109;">&#x61;&#x62;&#x63;&#x2e;&#x31;&#x32;&#x33;&#64;&#101;&#120;&#97;&#109;&#112;&#108;&#101;&#46;&#99;&#111;&#109;</a></p>

<p><a href="&#x6d;&#x61;&#x69;&#x6c;&#x74;&#x6f;&#x3a;&#x31;&#x32;&#x33;&#x34;&#x35;&#x36;&#x37;&#x38;&#x39;&#x30;&#x40;&#x65;&#x78;&#x61;&#x6d;&#x70;&#x6c;&#x65;&#x2e;&#x63;&#x6f;&#x6d;">&#x31;&#x32;&#x33;&#x34;&#x35;&#x36;&#x37;&#x38;&#x39;&#x30;&#x40;&#x65;&#x78;&#x61;&#x6d;&#x70;&#x6c;&#x65;&#x2e;&#x63;&#x6f;&#x6d;</a></p>

<p><a href="&#x6d;&#97;&#x69;&#x6c;&#116;&#x6f;&#x3a;&#95;&#x5f;&#x5f;&#95;&#x5f;&#x5f;&#95;&#x40;&#x65;&#120;&#x61;&#109;&#112;&#x6c;&#101;&#46;&#x63;&#111;&#109;">&#95;&#x5f;&#x5f;&#95;&#x5f;&#x5f;&#95;&#x40;&#x65;&#120;&#x61;&#109;&#112;&#x6c;&#101;&#46;&#x63;&#111;&#109;</a></p>

<p><a href="ma&#105;&#108;&#116;&#111;&#58;&#97;&#98;&#99;&#43;&#109;&#97;&#x69;&#x6c;&#x62;&#x6f;&#x78;&#x2f;&#x64;&#x65;&#x70;&#x61;&#x72;&#x74;me&#110;&#116;&#61;&#115;&#104;&#105;&#112;&#112;&#105;&#110;&#103;&#x40;&#x65;&#x78;&#x61;&#x6d;&#x70;&#x6c;&#x65;&#x2e;&#x63;&#x6f;&#x6d;">&#97;&#98;&#99;&#43;&#109;&#97;&#x69;&#x6c;&#x62;&#x6f;&#x78;&#x2f;&#x64;&#x65;&#x70;&#x61;&#x72;&#x74;me&#110;&#116;&#61;&#115;&#104;&#105;&#112;&#112;&#105;&#110;&#103;&#x40;&#x65;&#x78;&#x61;&#x6d;&#x70;&#x6c;&#x65;&#x2e;&#x63;&#x6f;&#x6d;</a></p>

<p><a href="&#x6d;&#97;i&#x6c;&#116;o&#x3a;&#33;&#35;&#x24;&#37;&#38;&#x27;&#42;&#43;&#x2d;&#x2f;&#61;&#x3f;&#x5e;&#95;&#x60;&#x2e;&#123;&#x7c;&#x7d;&#126;&#64;&#x65;&#120;a&#x6d;&#112;&#108;&#x65;&#46;&#99;&#x6f;&#109;">&#33;&#35;&#x24;&#37;&#38;&#x27;&#42;&#43;&#x2d;&#x2f;&#61;&#x3f;&#x5e;&#95;&#x60;&#x2e;&#123;&#x7c;&#x7d;&#126;&#64;&#x65;&#120;a&#x6d;&#112;&#108;&#x65;&#46;&#99;&#x6f;&#109;</a> (all of these characters are allowed)</p>

<p><a href="&#109;&#x61;&#x69;&#108;&#116;&#x6f;&#58;&#34;&#x61;&#98;&#99;&#x40;d&#101;&#x66;&#x22;&#64;&#x65;&#x78;&#97;&#109;&#x70;&#108;&#101;&#x2e;c&#111;&#x6d;">&#34;&#x61;&#98;&#99;&#x40;d&#101;&#x66;&#x22;&#64;&#x65;&#x78;&#97;&#109;&#x70;&#108;&#101;&#x2e;c&#111;&#x6d;</a> (anything goes inside quotation marks)</p>

<p><a href="&#x6d;&#97;&#x69;&#x6c;&#116;&#x6f;&#x3a;&#34;&#x46;&#x72;&#101;&#x64;&#x20;&#66;&#x6c;&#x6f;&#103;&#x67;&#115;&#34;&#x40;&#101;&#120;&#x61;&#109;&#112;&#x6c;&#101;&#46;&#x63;&#111;&#109;">&#34;&#x46;&#x72;&#101;&#x64;&#x20;&#66;&#x6c;&#x6f;&#103;&#x67;&#115;&#34;&#x40;&#101;&#120;&#x61;&#109;&#112;&#x6c;&#101;&#46;&#x63;&#111;&#109;</a></p>

<p><a href="&#x6d;&#97;&#x69;&#108;&#x74;&#x6f;&#58;&#x6a;&#115;&#x6d;&#x69;&#116;&#x68;&#64;&#x5b;&#x31;&#57;&#x32;&#46;&#x30;&#x2e;&#50;&#x2e;&#49;&#x5d;">&#x6a;&#115;&#x6d;&#x69;&#116;&#x68;&#64;&#x5b;&#x31;&#57;&#x32;&#46;&#x30;&#x2e;&#50;&#x2e;&#49;&#x5d;</a></p>
