<p><a href="?}]*+|&amp;)">silly URL w/ angle brackets</a>.</p>

<p><a href="url://with spaces" title="title">link</a>.</p>

<p><a href="url with spaces" title="title">link</a>.</p>
