<!doctype html>
<html lang="en">
<head>
    <meta http-equiv="Content-Type" content="text/html; charset=utf-8">
    <meta name="author" content="Javier Eguiluz" />
    <meta name="date" content="03/27/2013"/>
    <meta name="generator" content="easybook 5"/>

    <title>Duis aute irure dolor in reprehenderit | easybook test book #6</title>

    <link rel="stylesheet" href="../css/easybook.css" />

</head>

<body class="item ">
<div class="container">
<div class="menu">
    <div class="row">
        <h1 class="span9"><a href="../index.html">easybook test book #6</a></h1>
        <p class="span3">
                        <a href="../chapter-1.html"><span>&larr;</span> Previous</a>
            
                        <a href="../chapter-2.html">Next <span>&rarr;</span></a>
                    </p>
    </div>
</div>

<div class="row">
    <div class="span9">
        <h1 id="duis-aute-irure-dolor-in-reprehenderit"><span>1.2</span> Duis aute irure dolor in reprehenderit</h1>
        

<p>In voluptate velit esse cillum dolore eu fugiat nulla
<a class="internal" href="#this-internal-link-does-not-exist">pariatur</a>.</p>

    </div>

    <div class="span3">
        <div class="item local_toc">
            <h3>Table of contents</h3>

            <ul class="unstyled">
                                                                <li class="level-1">
                        <span>Chapter 1</span>
                        <a href="../chapter-1.html">The first chapter</a>
                    </li>
                                    <li class="level-2">
                        <span>1.2</span>
                        <a href="../chapter-1/duis-aute-irure-dolor-in-reprehenderit.html">Duis aute irure dolor in reprehenderit</a>
                    </li>
                                        </ul>
        </div>
    </div>
</div>
</div>
</body>
</html>