Parsed configuration options
============================

    title: My dynamic title
    author: Author Name set from the console
    edition: Second edition
    language: es
    publication_date: null
    generator: [array]
        name: easybook
        version: 5.0-DEV
    contents: [array]
        0: [array]
            element: cover
    editions: [array]
        edition9: [array]
            format: html
            highlight_cache: false
            highlight_code: false
            include_styles: true
            isbn: null
            labels: [array]
                0: appendix
                1: chapter
                2: figure
            margin: [array]
                top: 25mm
                bottom: 25mm
                inner: 30mm
                outter: 20mm
            page_size: US-Letter
            theme: clean
            toc: [array]
                deep: 3
                elements: [array]
                    0: appendix
                    1: chapter
            two_sided: true



