Parsed configuration options
============================

    title: My dynamic title
    author: "Change this: Author Name"
    edition: Second edition
    language: es
    publication_date: null
    generator: [array]
        name: easybook
        version: premium
    contents: [array]
        0: [array]
            element: cover
        1: [array]
            element: toc
    editions: [array]
        edition9: [array]
            format: html
            page_size: A3
            categories: [array]
                0: programming
                1: php
        edition10: [array]
            format: html
            highlight_cache: false
            highlight_code: false
            include_styles: true
            isbn: null
            labels: [array]
                0: appendix
                1: chapter
                2: figure
            margin: [array]
                top: 25mm
                bottom: 25mm
                inner: 30mm
                outter: 20mm
            page_size: US-Letter
            theme: clean
            toc: [array]
                deep: 2
                elements: [array]
                    0: appendix
                    1: chapter
            two_sided: true
            categories: [array]
                0: programming
                1: php
            extends: edition9
            price: 15
            pages: 250



