<!doctype html>
<html lang="en">
<head>
    <meta http-equiv="Content-Type" content="text/html; charset=utf-8">
    <meta name="author" content="Javier Eguiluz" />
    <meta name="date" content="02/09/2012"/>
    <meta name="generator" content="easybook 4"/>

    <title>Content types | easybook test book #1</title>

    <link rel="stylesheet" href="../css/easybook.css" />

</head>

<body class="item ">
<div class="container">
<div class="menu">
    <div class="row">
        <h1 class="span9"><a href="../index.html">easybook test book #1</a></h1>
        <p class="span3">
                        <a href="../chapter-2.html"><span>&larr;</span> Previous</a>
            
                        <a href="../chapter-2/editions.html">Next <span>&rarr;</span></a>
                    </p>
    </div>
</div>

<div class="row">
    <div class="span9">
        <h1 id="content-types"><span>2.1</span> Content types</h1>
        

<p>Books define their contents with the <code>contents</code> options in the <code>config.yml</code> file. After creating a new book with the <code>new</code> command, the default contents are:</p>

<div class="code code">
<pre class="code">book:
    ...
    contents:
        - { element: cover }
        - { element: toc   }
        - { element: chapter, number: 1, content: chapter1.md }
        - { element: chapter, number: 2, content: chapter2.md }</pre>
</div>

<p>The most important option of each content is <code>element</code>, which defines its content type. <strong>easybook</strong> currently defines the following elevent content types:</p>

<ul>
<li><code>acknowledgement</code>, where the author acknowledges those who contributed to the creation of the book.</li>
<li><code>appendix</code>, similar to chapters, but it usually contains related but supplemental additions to the book main work.</li>
<li><code>author</code>, information about the book author/authors.</li>
<li><code>chapter</code>, the most used type in regular books.</li>
<li><code>cover</code>, the cover of your book.</li>
<li><code>dedication</code>, a page that usually precedes the text, in which the author names the person or people for whom he has written the book.</li>
<li><code>edition</code>, information about the current edition of the book, including the publication date.</li>
<li><code>license</code>, information about the copyright holder or any other author/publisher rights that affect the book.</li>
<li><code>part</code>, used to group several related chapters or appendices.</li>
<li><code>title</code>, the page that displays book title and author, usually together with information relating to the publication of the book.</li>
<li><code>toc</code>, the table of contents.</li>
</ul>

<p>Most of the content types don't require any other option besides <code>element</code>:</p>

<div class="code code">
<pre class="code">book:
    ...
    contents:
        - { element: cover }
        - { element: title }
        - { element: license }
        - { element: toc }
        - { element: chapter, number: 1, content: chapter1.md }
        - { element: chapter, number: 2, content: chapter2.md }
        - ...
        - { element: author }
        - { element: acknowledgement }</pre>
</div>

<p>The <code>appendix</code> and <code>chapter</code> content types can define the following options:</p>

<ul>
<li><code>number</code>, the number of the chapter or appendix. This value is used to generate the labels of each section heading (<code>1.1</code>, <code>1.2</code>, <code>1.2.1</code>, <code>1.2.2</code>, etc.) <strong>easybook</strong> doesn't restrict its format, so you can use Roman numerals (<code>I.1</code>, <code>I.2</code>), letters (<code>A.1</code>, <code>A.2</code>) or any other symbol or string.</li>
<li><code>content</code>, the name of the file with the contents of this element. The file name should include the extension (<code>.md</code> in the case of Markdown). The value of this option is interpreted as the path from your book <code>Contents/</code> directory, so you can add all the subdirectories you want.</li>
</ul>

<p>The <code>part</code> content type also define the following option:</p>

<ul>
<li><code>title</code>, the title of the part or section. In a printed book, a section is shown as a page that separates chapters. In a web book, the section is only shown in the table of contents.</li>
</ul>

<p>These elevent content types defined by <strong>easybook</strong> are enough to publish most books, but if you need it, the next chapter explains how to create new content types.</p>


    </div>

    <div class="span3">
        <div class="item local_toc">
            <h3>Table of contents</h3>

            <ul class="unstyled">
                                                                <li class="level-1">
                        <span>Chapter 2</span>
                        <a href="../chapter-2.html">Publishing your second book</a>
                    </li>
                                    <li class="level-2">
                        <span>2.1</span>
                        <a href="../chapter-2/content-types.html">Content types</a>
                    </li>
                                    <li class="level-2">
                        <span>2.2</span>
                        <a href="../chapter-2/editions.html">Editions</a>
                    </li>
                                    <li class="level-2">
                        <span>2.3</span>
                        <a href="../chapter-2/themes.html">Themes</a>
                    </li>
                                        </ul>
        </div>
    </div>
</div>
</div>
</body>
</html>