Parsed configuration options
============================

    format: html
    highlight_cache: false
    highlight_code: true
    include_styles: false
    isbn: 978-0131103627
    labels: [array]
        0: appendix
        1: chapter
        2: figure
    margin: [array]
        top: 25mm
        bottom: 25mm
        inner: 30mm
        outter: 25mm
    page_size: US-Letter
    theme: bright
    toc: [array]
        deep: 2
        elements: [array]
            0: chapter
            1: chapter
    two_sided: false
    extends: edition9



