<h1 id="lorem-ipsum-dolor-sit-amet">Lorem ipsum dolor sit amet</h1>

<p>Consectetur adipisicing elit, sed do eiusmod tempor incididunt ut labore et
dolore magna aliqua. Ut enim ad minim veniam, quis nostrud exercitation ullamco
laboris nisi ut aliquip ex ea commodo consequat.</p>

<br class="page-break" />

<p>Duis aute irure dolor in reprehenderit in voluptate velit esse cillum dolore
eu fugiat nulla pariatur. Excepteur sint occaecat cupidatat non
proident, sunt in culpa qui officia deserunt mollit anim id est laborum.</p>

<h2 id="lorem-ipsum-dolor-sit-amet-2">Lorem ipsum dolor <br class="page-break" />
 sit amet</h2>

<p>Lorem ipsum dolor sit amet, consectetur adipisicing elit, sed do eiusmod
tempor incididunt ut labore et dolore magna aliqua. <br class="page-break" />
 Ut enim ad
minim veniam, quis nostrud exercitation ullamco laboris nisi ut aliquip ex ea
commodo consequat.</p>

<p>{ pagebreak }Duis aute irure dolor in reprehenderit in voluptate velit esse
cillum dolore eu fugiat nulla pariatur. Excepteur sint occaecat cupidatat non
proident, sunt in culpa qui officia deserunt mollit anim id est laborum.
{<br class="page-break" />
}
Lorem ipsum dolor sit amet, consectetur adipisicing elit, sed do eiusmod
tempor incididunt ut labore et dolore magna aliqua. Ut enim ad minim veniam,
quis nostrud exercitation ullamco laboris nisi ut aliquip ex ea commodo
consequat.
<br class="page-break" />

Duis aute irure dolor in reprehenderit in voluptate velit esse
cillum dolore eu fugiat nulla pariatur. Excepteur sint occaecat cupidatat non
proident, sunt in culpa qui officia deserunt mollit anim id est laborum.</p>

<ul>
<li>Lorem ipsum dolor sit amet, consectetur adipisicing elit.</li>
<li>Sed do eiusmod tempor incididunt ut labore et dolore magna aliqua.</li>
<li>Ut enim ad minim veniam, quis nostrud exercitation ullamco. <br class="page-break" />
</li>
<li>Laboris nisi ut aliquip ex ea commodo consequat.</li>
<li>Duis aute irure dolor in reprehenderit in voluptate velit esse.</li>
</ul>

<table>
<thead>
<tr>
  <th>Header 1</th>
  <th>Header 2</th>
</tr>
</thead>
<tbody>
<tr>
  <td>Lorem ipsum</td>
  <td>Dolor sit amet</td>
</tr>
<tr>
  <td>Lorem ipsum</td>
  <td>Dolor sit amet <br class="page-break" />
</td>
</tr>
<tr>
  <td>Lorem ipsum</td>
  <td>Dolor sit amet</td>
</tr>
</tbody>
</table>

<br class="page-break" />
<br class="page-break" />
