<!doctype html>
<html lang="en">
<head>
    <meta http-equiv="Content-Type" content="text/html; charset=utf-8">
    <meta name="author" content="Javier Eguiluz" />
    <meta name="date" content="02/09/2012"/>
    <meta name="generator" content="easybook 4"/>

    <title>Plugins | easybook test book #1</title>

    <link rel="stylesheet" href="../css/easybook.css" />

</head>

<body class="item ">
<div class="container">
<div class="menu">
    <div class="row">
        <h1 class="span9"><a href="../index.html">easybook test book #1</a></h1>
        <p class="span3">
                        <a href="../chapter-3.html"><span>&larr;</span> Previous</a>
            
                        <a href="../chapter-3/advanced-features.html">Next <span>&rarr;</span></a>
                    </p>
    </div>
</div>

<div class="row">
    <div class="span9">
        <h1 id="plugins"><span>3.2</span> Plugins</h1>
        

<p>Despite being a simple application, <strong>easybook</strong> easily adapts to your requirements. The previous chapters showed lots of examples of this flexibility, but the <strong>plugins</strong> explained in this section are by far the more powerful example.</p>

<p>A plugin allows you to completely modify the behavior of <strong>easybook</strong>. Imagine you want to modify the original Markdown content of the chapters  before converting it to HTML. This is really easy because, before converting a content, <strong>easybook</strong> notifies that it's going to convert it. Then, your book can create a plugin that <em>listens</em> to this events and executes some code when an specific event is notified.</p>

<p>Technically, plugins are based on the subscribers defined by the event dispatcher component of Symfony2. They are regular PHP classes whose name always ends with the word <code>Plugin</code>. The following code shows the source of <code>TimerPlugin.php</code>, the plugin used by <strong>easybook</strong> to measure how long it takes to publish a book:</p>

<div class="code code">
<pre class="code">&lt;?php
namespace Easybook\Plugins;
&nbsp;
use Symfony\Component\EventDispatcher\EventSubscriberInterface;
use Easybook\Events\EasybookEvents as Events;
use Easybook\Events\BaseEvent;
&nbsp;
class TimerPlugin implements EventSubscriberInterface
{
    static public function getSubscribedEvents()
    {
        return array(
            Events::PRE_PUBLISH  =&gt; 'onStart',
            Events::POST_PUBLISH =&gt; 'onFinish',
        );
    }
&nbsp;
    public function onStart(BaseEvent $event)
    {
        $event-&gt;app-&gt;set('app.timer.start', microtime(true));
    }
&nbsp;
    public function onFinish(BaseEvent $event)
    {
        $event-&gt;app-&gt;set('app.timer.finish', microtime(true));
    }
}</pre>
</div>

<p><strong>easybook</strong> plugins must implement <code>EventSubscriberInterface</code> interface, which in turn forces to define a method called <code>getSubscribedEvents()</code>. This method simply returns an array of events that you want to subscribe to and the name of the methods that are executed when those events occur.</p>

<p><strong>easybook</strong> currently has six events, defined in <code>Easybook\Events\EasybookEvents</code> class:</p>

<ul>
<li><code>Events::PRE_PUBLISH</code>, notified before starting the publication of the book but after setting the value of all the <code>publishing.*</code> internal variables.</li>
<li><code>Events::POST_PUBLISH</code>, notified after finishing the publication of the book but before showing the success/failure messages to the user.</li>
<li><code>Events::PRE_PARSE</code>, notified before starting the conversion of the original element content (usually written in Markdown format).</li>
<li><code>Events::POST_PARSE</code>, notified after the original content has been fully converted (usually this converted content is HTML).</li>
<li><code>Events::PRE_NEW</code>, notified before starting the creation of the new book, just before starting the file an directory structure creation.</li>
<li><code>Events::POST_NEW</code>, notified just before the structure of the new book has been created, but before showing the success/failure messages to the user.</li>
</ul>

<p>The methods that are executed in response to events receive as first parameter an object whose type depends on the notified event. In general, events receive a <code>BaseEvent</code> object, but the events related to content parsing receive an object of type <code>ParseEvent</code> (which in turn inherits from <code>BaseEvent</code>).</p>

<p>You can access any property and service application through the event object using <code>$event-&gt; app</code>, as shown below:</p>

<div class="code code">
<pre class="code">// ...
&nbsp;
public function onStart(BaseEvent $event)
{
    $event-&gt;app-&gt;set('app.timer.start', microtime(true));
}</pre>
</div>

<p>If you want to add plugins to your own book, create a directory called <code>Plugins</code> inside the <code>Resources</code> directory of your book (create the latter one if it doesn't exist). Then add as many PHP classes as you want, but make their name always end in <code>Plugin.php</code>. Do not add any namespace to your plugin classes.</p>

<p>The following example shows a plugin that modifies the contents of the book before and after its conversion. First, the plugin modifies the original Markdown content to put in bold all occurrences of the word <em>easybook</em>. Then, it modifies the HTML content to add a <code>class</code> attribute to all these occurrences:</p>

<div class="code code">
<pre class="code">&lt;?php
use Symfony\Component\EventDispatcher\EventSubscriberInterface;
use Easybook\Events\EasybookEvents as Events;
use Easybook\Events\ParseEvent;
&nbsp;
class BrandingPlugin implements EventSubscriberInterface
{
    static public function getSubscribedEvents()
    {
        return array(
            Events::PRE_PARSE  =&gt; 'onItemPreParse',
            Events::POST_PARSE =&gt; 'onItemPostParse',
        );
    }
&nbsp;
    public function onItemPreParse(ParseEvent $event)
    {
        $txt = str_replace(
            'easybook',
            '**easybook**',
            $event-&gt;getOriginal()
        );
&nbsp;
        $event-&gt;setOriginal($txt);
    }
&nbsp;
    public function onItemPostParse(ParseEvent $event)
    {
        $html = str_replace(
            '&lt;strong&gt;easybook&lt;/strong&gt;',
            '&lt;strong class=&quot;branding&quot;&gt;easybook&lt;/strong&gt;',
            $event-&gt;getContent()
        );
&nbsp;
        $event-&gt;setContent($html);
    }
}</pre>
</div>

<p>The event object received by plugins related to content parsing is of type <code>ParseEvent</code>. In addition to application access (<code>$event-&gt;app</code>), this object has getters and setters for all the properties of the parsing object.</p>

<p>The event <code>Events::PRE_PARSE</code> is notified before the conversion, so you only have access to the original content (<code>getOriginal()</code>). In contrast, the event <code>Events::POST_PARSE</code> is notified after the conversion, so it doesn't make sense to modify the original content but the converted content (<code>getContent()</code>).</p>


    </div>

    <div class="span3">
        <div class="item local_toc">
            <h3>Table of contents</h3>

            <ul class="unstyled">
                                                                <li class="level-1">
                        <span>Chapter 3</span>
                        <a href="../chapter-3.html">Publishing your third book</a>
                    </li>
                                    <li class="level-2">
                        <span>3.2</span>
                        <a href="../chapter-3/plugins.html">Plugins</a>
                    </li>
                                    <li class="level-2">
                        <span>3.3</span>
                        <a href="../chapter-3/advanced-features.html">Advanced features</a>
                    </li>
                                        </ul>
        </div>
    </div>
</div>
</div>
</body>
</html>