<!doctype html>
<html lang="en">
<head>
    <meta http-equiv="Content-Type" content="text/html; charset=utf-8">
    <meta name="author" content="Javier Eguiluz" />
    <meta name="date" content="02/09/2012"/>
    <meta name="generator" content="easybook 4"/>

    <title>  easybook test book #1</title>

    <link rel="stylesheet" href="./css/easybook.css" />

</head>

<body class="index">
<div class="container">
<div class="item cover">
    <h1>easybook test book #1</h1>
    <h2>Javier Eguiluz</h2>
</div>

<div class="item toc">
    <ul class="unstyled">
            <li class="chapter level-1">
            <span>Chapter 1</span>
            <a href="./chapter-1.html">Publishing your first book</a>
        </li>
            <li class=" level-2">
            <span>1.1</span>
            <a href="./chapter-1.html#downloading-easybook">Downloading easybook</a>
        </li>
            <li class=" level-2">
            <span>1.2</span>
            <a href="./chapter-1.html#creating-the-book">Creating the book</a>
        </li>
            <li class=" level-2">
            <span>1.3</span>
            <a href="./chapter-1.html#writing-the-book">Writing the book</a>
        </li>
            <li class=" level-2">
            <span>1.4</span>
            <a href="./chapter-1.html#publishing-the-book">Publishing the book</a>
        </li>
            <li class=" level-2">
            <span>1.5</span>
            <a href="./chapter-1.html#book-configuration-options">Book configuration options</a>
        </li>
            <li class="chapter level-1">
            <span>Chapter 2</span>
            <a href="./chapter-2.html">Publishing your second book</a>
        </li>
            <li class=" level-2">
            <span>2.1</span>
            <a href="./chapter-2.html#content-types">Content types</a>
        </li>
            <li class=" level-2">
            <span>2.2</span>
            <a href="./chapter-2.html#editions">Editions</a>
        </li>
            <li class=" level-2">
            <span>2.3</span>
            <a href="./chapter-2.html#themes">Themes</a>
        </li>
            <li class="chapter level-1">
            <span>Chapter 3</span>
            <a href="./chapter-3.html">Publishing your third book</a>
        </li>
            <li class=" level-2">
            <span>3.1</span>
            <a href="./chapter-3.html#creating-your-own-theme">Creating your own theme</a>
        </li>
            <li class=" level-2">
            <span>3.2</span>
            <a href="./chapter-3.html#plugins">Plugins</a>
        </li>
            <li class=" level-2">
            <span>3.3</span>
            <a href="./chapter-3.html#advanced-features">Advanced features</a>
        </li>
        </ul>
</div>
</div>
</body>
</html>