<!doctype html>
<html lang="en">
<head>
    <meta http-equiv="Content-Type" content="text/html; charset=utf-8">
    <meta name="author" content="Javier Eguiluz" />
    <meta name="date" content="03/27/2013"/>
    <meta name="generator" content="easybook 5"/>

    <title>The third chapter | easybook test book #6</title>

    <link rel="stylesheet" href="./css/easybook.css" />

</head>

<body class="item chapter">
<div class="container">
<div class="menu">
    <div class="row">
        <h1 class="span9"><a href="./index.html">easybook test book #6</a></h1>
        <p class="span3">
                        <a href="./chapter-2.html"><span>&larr;</span> Previous</a>
            
                        <a class="disabled" href="#">Next <span>&rarr;</span></a>
                    </p>
    </div>
</div>

<div class="row">
    <div class="span9">
        <h1 id="the-third-chapter"><span>Chapter 3</span> The third chapter</h1>
        <p>Lorem ipsum dolor sit amet, consectetur adipisicing elit,
sed do eiusmod tempor incididunt ut labore et dolore magna aliqua.</p>

<h2 id="ut-enim-ad-minim-veniam-3">3.1 Ut enim ad minim veniam</h2>

<p>Quis nostrud exercitation ullamco laboris nisi ut aliquip ex
ea commodo <a class="internal" href="./chapter-2.html#the-second-chapter">consequat</a>.</p>

<h3 id="duis-aute-irure-dolor-in-reprehenderit-2">3.1.1 Duis aute irure dolor in reprehenderit</h3>

<p>In voluptate velit esse cillum dolore eu fugiat nulla <a class="internal" href="./chapter-2.html#duis-aute">pariatur</a>.</p>

<h2 id="lorem-ipsum-dolor-sit-amet">3.2 Lorem ipsum dolor sit amet</h2>

<p>Consectetur adipisicing elit, sed do eiusmod tempor incididunt ut labore et
<a class="internal" href="./chapter-1.html#my-lorem-ipsum-dolor-sit-amet">dolore magna aliqua</a>.</p>

    </div>

    <div class="span3">
        <div class="item local_toc">
            <h3>Table of contents</h3>

            <ul class="unstyled">
                                                <li class="level-1">
                        <span></span>
                        <a class="internal" href="./chapter-3.html#the-third-chapter">The third chapter</a>
                    </li>
                                    <li class="level-2">
                        <span>3.1</span>
                        <a class="internal" href="./chapter-3.html#ut-enim-ad-minim-veniam-3">Ut enim ad minim veniam</a>
                    </li>
                                    <li class="level-2">
                        <span>3.2</span>
                        <a class="internal" href="./chapter-3.html#lorem-ipsum-dolor-sit-amet">Lorem ipsum dolor sit amet</a>
                    </li>
                                        </ul>
        </div>
    </div>
</div>
</div>
</body>
</html>