<!doctype html>
<html lang="en">
<head>
    <meta http-equiv="Content-Type" content="text/html; charset=utf-8">
    <meta name="author" content="Javier Eguiluz" />
    <meta name="date" content="03/27/2013"/>
    <meta name="generator" content="easybook 5"/>

    <title>The second chapter | easybook test book #6</title>

    <link rel="stylesheet" href="./css/easybook.css" />

</head>

<body class="item chapter">
<div class="container">
<div class="menu">
    <div class="row">
        <h1 class="span9"><a href="./index.html">easybook test book #6</a></h1>
        <p class="span3">
                        <a href="./chapter-1.html"><span>&larr;</span> Previous</a>
            
                        <a href="./chapter-3.html">Next <span>&rarr;</span></a>
                    </p>
    </div>
</div>

<div class="row">
    <div class="span9">
        <h1 id="the-second-chapter"><span>Chapter 2</span> The second chapter</h1>
        <p>Lorem ipsum dolor sit amet, consectetur adipisicing elit,
sed do eiusmod tempor incididunt ut labore et dolore magna
<a class="internal" href="./chapter-3.html#the-third-chapter">aliqua</a>.</p>

<h2 id="ut-enim-ad-minim-veniam-2">2.1 Ut enim ad minim veniam</h2>

<p>Quis nostrud exercitation ullamco laboris nisi ut aliquip ex
ea commodo <a class="internal" href="./chapter-1.html#first">consequat</a>.</p>

<h2 id="duis-aute">2.2 Duis aute irure</h2>

<p>Dolor in reprehenderit in voluptate velit esse cillum dolore eu fugiat
nulla pariatur.</p>

    </div>

    <div class="span3">
        <div class="item local_toc">
            <h3>Table of contents</h3>

            <ul class="unstyled">
                                                <li class="level-1">
                        <span></span>
                        <a class="internal" href="./chapter-2.html#the-second-chapter">The second chapter</a>
                    </li>
                                    <li class="level-2">
                        <span>2.1</span>
                        <a class="internal" href="./chapter-2.html#ut-enim-ad-minim-veniam-2">Ut enim ad minim veniam</a>
                    </li>
                                    <li class="level-2">
                        <span>2.2</span>
                        <a class="internal" href="./chapter-2.html#duis-aute">Duis aute irure</a>
                    </li>
                                        </ul>
        </div>
    </div>
</div>
</div>
</body>
</html>