<!doctype html>
<html lang="en">
<head>
    <meta http-equiv="Content-Type" content="text/html; charset=utf-8">
    <meta name="author" content="Javier Eguiluz" />
    <meta name="date" content="03/27/2013"/>
    <meta name="generator" content="easybook 5"/>

    <title>The first chapter | easybook test book #6</title>

    <link rel="stylesheet" href="./css/easybook.css" />

</head>

<body class="item chapter">
<div class="container">
<div class="menu">
    <div class="row">
        <h1 class="span9"><a href="./index.html">easybook test book #6</a></h1>
        <p class="span3">
                        <a href="./index.html"><span>&larr;</span> Previous</a>
            
                        <a href="./chapter-2.html">Next <span>&rarr;</span></a>
                    </p>
    </div>
</div>

<div class="row">
    <div class="span9">
        <h1 id="first"><span>Chapter 1</span> The first chapter</h1>
        <h2 id="my-lorem-ipsum-dolor-sit-amet">1.1 Lorem ipsum dolor sit amet</h2>

<p>Consectetur adipisicing elit, sed do eiusmod tempor incididunt ut labore
et dolore magna aliqua.</p>

<h3 id="ut-enim-ad-minim-veniam">1.1.1 Ut enim ad minim veniam</h3>

<p>Quis nostrud exercitation ullamco laboris nisi ut aliquip ex
ea <a class="internal" href="./chapter-3.html#ut-enim-ad-minim-veniam-3">commodo consequat</a>.</p>

<h2 id="duis-aute-irure-dolor-in-reprehenderit">1.2 Duis aute irure dolor in reprehenderit</h2>

<p>In voluptate velit esse cillum dolore eu fugiat nulla
<a class="internal" href="#this-internal-link-does-not-exist">pariatur</a>.</p>

    </div>

    <div class="span3">
        <div class="item local_toc">
            <h3>Table of contents</h3>

            <ul class="unstyled">
                                                <li class="level-1">
                        <span></span>
                        <a class="internal" href="./chapter-1.html#first">The first chapter</a>
                    </li>
                                    <li class="level-2">
                        <span>1.1</span>
                        <a class="internal" href="./chapter-1.html#my-lorem-ipsum-dolor-sit-amet">Lorem ipsum dolor sit amet</a>
                    </li>
                                    <li class="level-2">
                        <span>1.2</span>
                        <a class="internal" href="./chapter-1.html#duis-aute-irure-dolor-in-reprehenderit">Duis aute irure dolor in reprehenderit</a>
                    </li>
                                        </ul>
        </div>
    </div>
</div>
</div>
</body>
</html>