Parsed configuration options
============================

    title: "Change this: Book title"
    author: "Change this: Author Name"
    edition: First edition
    language: en
    publication_date: 07-07-2012
    generator: [array]
        name: easybook
        version: 4
    contents: [array]
        0: [array]
            element: cover
    editions: [array]
        edition2: [array]
            format: html
            highlight_cache: false
            highlight_code: false
            include_styles: true
            isbn: null
            labels: [array]
                0: appendix
                1: chapter
                2: figure
            margin: [array]
                top: 25mm
                bottom: 25mm
                inner: 30mm
                outter: 20mm
            page_size: A4
            theme: clean
            toc: [array]
                deep: 2
                elements: [array]
                    0: appendix
                    1: chapter
            two_sided: true



