<!doctype html>
<html lang="en">
<head>
    <meta http-equiv="Content-Type" content="text/html; charset=utf-8">
    <meta name="author" content="Javier Eguiluz" />
    <meta name="date" content="02/09/2012"/>
    <meta name="generator" content="easybook 4"/>

    <title>Publishing the book | easybook test book #1</title>

    <link rel="stylesheet" href="../css/easybook.css" />

</head>

<body class="item ">
<div class="container">
<div class="menu">
    <div class="row">
        <h1 class="span9"><a href="../index.html">easybook test book #1</a></h1>
        <p class="span3">
                        <a href="../chapter-1/writing-the-book.html"><span>&larr;</span> Previous</a>
            
                        <a href="../chapter-1/book-configuration-options.html">Next <span>&rarr;</span></a>
                    </p>
    </div>
</div>

<div class="row">
    <div class="span9">
        <h1 id="publishing-the-book"><span>1.4</span> Publishing the book</h1>
        

<p>When you finish writing all the chapters and after adding them to the <code>config.yml</code> archive, run the following command to publish the book (replace <code>the-origin-of-the-species</code> by the name of your book directory):</p>

<div class="code code">
<pre class="code">$ ./book publish 'the-origin-of-species' web</pre>
</div>

<p>If everything works fine, you should see a new <code>web</code> directory inside <code>Output/</code> directory. Enter the <code>web/</code> directory and you'll find a file named <code>book.html</code>. This is the complete book in HTML format, ready to publish it on the Internet.</p>

<p>Then, run the following command:</p>

<div class="code code">
<pre class="code">$ ./book publish 'the-origin-of-species' website</pre>
</div>

<p>Now, inside <code>Output/</code> directory you'll find a new <code>website</code> directory with several HTML pages. Open <code>index.html</code> in your browser and you'll see that <strong>easybook</strong> has published your book as a fully-functional static website.</p>

<p>Lastly, run the following command:</p>

<div class="code code">
<pre class="code">$ ./book publish 'the-origin-of-species' print</pre>
</div>

<p>Inside <code>Output/</code> directory you'll find a new <code>print</code> directory which contains a file name <code>book.pdf</code>. Open the file with your PDF reader and you'll see your book as a beautiful and carefully created PDF ebook. The PDF conversion is made with an external application named <a href="http://www.princexml.com/">PrinceXML</a>. If you don't have it installed on your computer, you can download a fully-functional demo version at <a href="http://www.princexml.com/download/">http://www.princexml.com/download/</a></p>

<p><strong>easybook</strong> lets you easily publish the same book in very different ways. Each of these <em>ways</em>  is called <strong>edition</strong>. This concept will be explained in the next chapter.</p>


    </div>

    <div class="span3">
        <div class="item local_toc">
            <h3>Table of contents</h3>

            <ul class="unstyled">
                                                                <li class="level-1">
                        <span>Chapter 1</span>
                        <a href="../chapter-1.html">Publishing your first book</a>
                    </li>
                                    <li class="level-2">
                        <span>1.1</span>
                        <a href="../chapter-1/downloading-easybook.html">Downloading easybook</a>
                    </li>
                                    <li class="level-2">
                        <span>1.2</span>
                        <a href="../chapter-1/creating-the-book.html">Creating the book</a>
                    </li>
                                    <li class="level-2">
                        <span>1.3</span>
                        <a href="../chapter-1/writing-the-book.html">Writing the book</a>
                    </li>
                                    <li class="level-2">
                        <span>1.4</span>
                        <a href="../chapter-1/publishing-the-book.html">Publishing the book</a>
                    </li>
                                    <li class="level-2">
                        <span>1.5</span>
                        <a href="../chapter-1/book-configuration-options.html">Book configuration options</a>
                    </li>
                                        </ul>
        </div>
    </div>
</div>
</div>
</body>
</html>