Parsed configuration options
============================

    title: The name of the buyer diary
    author: "Change this: Author Name"
    edition: Second edition
    language: es
    publication_date: null
    generator: [array]
        name: easybook
        version: 4.8 beta1
    contents: [array]
    editions: [array]
        edition11: [array]
            price: 10
            pages: 250
        edition12: [array]
            format: html
            highlight_cache: false
            highlight_code: false
            include_styles: true
            isbn: null
            labels: [array]
                0: chapter
                1: chapter
                2: figure
            margin: [array]
                top: 25mm
                bottom: 25mm
                inner: 30mm
                outter: 20mm
            page_size: A1
            theme: clean
            toc: [array]
                deep: 0
                elements: [array]
                    0: appendix
                    1: chapter
            two_sided: true
            price: 10
            pages: 250
            extends: edition11
            debug: false
    buyer: The name of the buyer



